
> Configure project :buildSrc
DIAG buildSrc: MavenLocal|MavenRepo

> Task :buildSrc:checkKotlinGradlePluginConfigurationErrors SKIPPED
> Task :buildSrc:generateExternalPluginSpecBuilders UP-TO-DATE
> Task :buildSrc:extractPrecompiledScriptPluginPlugins UP-TO-DATE
> Task :buildSrc:compilePluginsBlocks UP-TO-DATE
> Task :buildSrc:generatePrecompiledScriptPluginAccessors UP-TO-DATE
> Task :buildSrc:generateScriptPluginAdapters UP-TO-DATE
> Task :buildSrc:compileKotlin UP-TO-DATE
> Task :buildSrc:compileJava NO-SOURCE
> Task :buildSrc:compileGroovy NO-SOURCE
> Task :buildSrc:pluginDescriptors UP-TO-DATE
> Task :buildSrc:processResources UP-TO-DATE
> Task :buildSrc:classes UP-TO-DATE
> Task :buildSrc:jar UP-TO-DATE

> Configure project :
DIAG EpsilonBC: MavenLocal

> Configure project :common
Parsed unknown MC version 26.1.2 from NeoForm version 26.1.2-1. Using capabilities of latest known Minecraft version 26.1-snapshot-2 with an updated Minecraft version.
DIAG common: Mojang Meta|Mojang Minecraft Libraries|MavenLocal|MavenRepo|Sponge|CaffeineMC|NeoForged Releases

> Configure project :fabric
Fabric Loom: 1.15.5
DIAG fabric: MavenLocal|Mojang|MavenRepo|Sponge|CaffeineMC|LoomLocalRemappedMods|LoomGlobalMinecraft|LoomLocalMinecraft|Fabric|MavenRepo2

> Configure project :neoforge
Parsed unknown MC version 26.1.2 from NeoForge version 26.1.2.76. Using capabilities of latest known Minecraft version 26.1-snapshot-2 with an updated Minecraft version.
DIAG neoforge: Mojang Meta|Mojang Minecraft Libraries|MavenLocal|MavenRepo|Sponge|CaffeineMC|NeoForged Releases

> Task :common:help

Welcome to Gradle 9.5.1.

To run a build, run gradlew <task> ...

To see a list of available tasks, run gradlew tasks

To see more detail about a task, run gradlew help --task <task>

To see a list of command-line options, run gradlew --help

For more detail on using Gradle, see https://docs.gradle.org/9.5.1/userguide/command_line_interface.html

For troubleshooting, visit https://help.gradle.org

BUILD SUCCESSFUL in 41s
10 actionable tasks: 1 executed, 9 up-to-date
