[2m2026-08-22T09:20:41.192072Z[0m [32m INFO[0m [2mmdl[0m[2m:[0m MCDebugLauncher v26.2.0-alpha.8
[2m2026-08-22T09:20:41.359250Z[0m [32m INFO[0m [2mmdl::instance::launcher[0m[2m:[0m Another instance is already running (PID 45516).                                  Waiting for it to close...
[2m2026-08-22T09:21:59.164480Z[0m [32m INFO[0m [2mmdl::instance::launcher[0m[2m:[0m Using Java 25 (required: Java 25)
[2m2026-08-22T09:21:59.164635Z[0m [32m INFO[0m [2mmdl::instance::launcher[0m[2m:[0m Launching instance 'epsilon-test-26.2-fabric'...
[2m2026-08-22T09:21:59.164689Z[0m [32m INFO[0m [2mmdl::instance::launcher[0m[2m:[0m Building classpath and downloading libraries...
[2m2026-08-22T09:21:59.169384Z[0m [32m INFO[0m [2mmdl::instance::launcher[0m[2m:[0m Extracting native library: com.mojang:jtracy:1.0.37:natives-linux
[2m2026-08-22T09:21:59.170592Z[0m [32m INFO[0m [2mmdl::instance::launcher[0m[2m:[0m Extracting native library: com.mojang:jtracy:1.0.37:natives-macos
[2m2026-08-22T09:21:59.171218Z[0m [32m INFO[0m [2mmdl::instance::launcher[0m[2m:[0m Extracting native library: com.mojang:jtracy:1.0.37:natives-macos-arm64
[2m2026-08-22T09:21:59.171736Z[0m [32m INFO[0m [2mmdl::instance::launcher[0m[2m:[0m Extracting native library: com.mojang:jtracy:1.0.37:natives-windows
[2m2026-08-22T09:21:59.174580Z[0m [32m INFO[0m [2mmdl::instance::launcher[0m[2m:[0m Extracting native library: org.lwjgl:lwjgl-freetype:3.4.1:natives-linux
[2m2026-08-22T09:21:59.175456Z[0m [32m INFO[0m [2mmdl::instance::launcher[0m[2m:[0m Extracting native library: org.lwjgl:lwjgl-freetype:3.4.1:natives-macos
[2m2026-08-22T09:21:59.176223Z[0m [32m INFO[0m [2mmdl::instance::launcher[0m[2m:[0m Extracting native library: org.lwjgl:lwjgl-freetype:3.4.1:natives-macos-arm64
[2m2026-08-22T09:21:59.176903Z[0m [32m INFO[0m [2mmdl::instance::launcher[0m[2m:[0m Extracting native library: org.lwjgl:lwjgl-freetype:3.4.1:natives-windows
[2m2026-08-22T09:21:59.177754Z[0m [32m INFO[0m [2mmdl::instance::launcher[0m[2m:[0m Extracting native library: org.lwjgl:lwjgl-freetype:3.4.1:natives-windows-arm64
[2m2026-08-22T09:21:59.178560Z[0m [32m INFO[0m [2mmdl::instance::launcher[0m[2m:[0m Extracting native library: org.lwjgl:lwjgl-freetype:3.4.1:natives-windows-x86
[2m2026-08-22T09:21:59.179489Z[0m [32m INFO[0m [2mmdl::instance::launcher[0m[2m:[0m Extracting native library: org.lwjgl:lwjgl-glfw:3.4.1:natives-linux
[2m2026-08-22T09:21:59.180486Z[0m [32m INFO[0m [2mmdl::instance::launcher[0m[2m:[0m Extracting native library: org.lwjgl:lwjgl-glfw:3.4.1:natives-macos
[2m2026-08-22T09:21:59.181418Z[0m [32m INFO[0m [2mmdl::instance::launcher[0m[2m:[0m Extracting native library: org.lwjgl:lwjgl-glfw:3.4.1:natives-macos-arm64
[2m2026-08-22T09:21:59.182357Z[0m [32m INFO[0m [2mmdl::instance::launcher[0m[2m:[0m Extracting native library: org.lwjgl:lwjgl-glfw:3.4.1:natives-windows
[2m2026-08-22T09:21:59.183193Z[0m [32m INFO[0m [2mmdl::instance::launcher[0m[2m:[0m Extracting native library: org.lwjgl:lwjgl-glfw:3.4.1:natives-windows-arm64
[2m2026-08-22T09:21:59.184014Z[0m [32m INFO[0m [2mmdl::instance::launcher[0m[2m:[0m Extracting native library: org.lwjgl:lwjgl-glfw:3.4.1:natives-windows-x86
[2m2026-08-22T09:21:59.184824Z[0m [32m INFO[0m [2mmdl::instance::launcher[0m[2m:[0m Extracting native library: org.lwjgl:lwjgl-jemalloc:3.4.1:natives-linux
[2m2026-08-22T09:21:59.185681Z[0m [32m INFO[0m [2mmdl::instance::launcher[0m[2m:[0m Extracting native library: org.lwjgl:lwjgl-jemalloc:3.4.1:natives-macos
[2m2026-08-22T09:21:59.186509Z[0m [32m INFO[0m [2mmdl::instance::launcher[0m[2m:[0m Extracting native library: org.lwjgl:lwjgl-jemalloc:3.4.1:natives-macos-arm64
[2m2026-08-22T09:21:59.187361Z[0m [32m INFO[0m [2mmdl::instance::launcher[0m[2m:[0m Extracting native library: org.lwjgl:lwjgl-jemalloc:3.4.1:natives-windows
[2m2026-08-22T09:21:59.188233Z[0m [32m INFO[0m [2mmdl::instance::launcher[0m[2m:[0m Extracting native library: org.lwjgl:lwjgl-jemalloc:3.4.1:natives-windows-arm64
[2m2026-08-22T09:21:59.189156Z[0m [32m INFO[0m [2mmdl::instance::launcher[0m[2m:[0m Extracting native library: org.lwjgl:lwjgl-jemalloc:3.4.1:natives-windows-x86
[2m2026-08-22T09:21:59.189979Z[0m [32m INFO[0m [2mmdl::instance::launcher[0m[2m:[0m Extracting native library: org.lwjgl:lwjgl-openal:3.4.1:natives-linux
[2m2026-08-22T09:21:59.190783Z[0m [32m INFO[0m [2mmdl::instance::launcher[0m[2m:[0m Extracting native library: org.lwjgl:lwjgl-openal:3.4.1:natives-macos
[2m2026-08-22T09:21:59.191564Z[0m [32m INFO[0m [2mmdl::instance::launcher[0m[2m:[0m Extracting native library: org.lwjgl:lwjgl-openal:3.4.1:natives-macos-arm64
[2m2026-08-22T09:21:59.192296Z[0m [32m INFO[0m [2mmdl::instance::launcher[0m[2m:[0m Extracting native library: org.lwjgl:lwjgl-openal:3.4.1:natives-windows
[2m2026-08-22T09:21:59.193072Z[0m [32m INFO[0m [2mmdl::instance::launcher[0m[2m:[0m Extracting native library: org.lwjgl:lwjgl-openal:3.4.1:natives-windows-arm64
[2m2026-08-22T09:21:59.193907Z[0m [32m INFO[0m [2mmdl::instance::launcher[0m[2m:[0m Extracting native library: org.lwjgl:lwjgl-openal:3.4.1:natives-windows-x86
[2m2026-08-22T09:21:59.195152Z[0m [32m INFO[0m [2mmdl::instance::launcher[0m[2m:[0m Extracting native library: org.lwjgl:lwjgl-opengl:3.4.1:natives-linux
[2m2026-08-22T09:21:59.196248Z[0m [32m INFO[0m [2mmdl::instance::launcher[0m[2m:[0m Extracting native library: org.lwjgl:lwjgl-opengl:3.4.1:natives-macos
[2m2026-08-22T09:21:59.197394Z[0m [32m INFO[0m [2mmdl::instance::launcher[0m[2m:[0m Extracting native library: org.lwjgl:lwjgl-opengl:3.4.1:natives-macos-arm64
[2m2026-08-22T09:21:59.197922Z[0m [32m INFO[0m [2mmdl::instance::launcher[0m[2m:[0m Extracting native library: org.lwjgl:lwjgl-opengl:3.4.1:natives-windows
[2m2026-08-22T09:21:59.198495Z[0m [32m INFO[0m [2mmdl::instance::launcher[0m[2m:[0m Extracting native library: org.lwjgl:lwjgl-opengl:3.4.1:natives-windows-arm64
[2m2026-08-22T09:21:59.199238Z[0m [32m INFO[0m [2mmdl::instance::launcher[0m[2m:[0m Extracting native library: org.lwjgl:lwjgl-opengl:3.4.1:natives-windows-x86
[2m2026-08-22T09:21:59.199852Z[0m [32m INFO[0m [2mmdl::instance::launcher[0m[2m:[0m Extracting native library: org.lwjgl:lwjgl-shaderc:3.4.1:natives-linux
[2m2026-08-22T09:21:59.200617Z[0m [32m INFO[0m [2mmdl::instance::launcher[0m[2m:[0m Extracting native library: org.lwjgl:lwjgl-shaderc:3.4.1:natives-macos
[2m2026-08-22T09:21:59.201196Z[0m [32m INFO[0m [2mmdl::instance::launcher[0m[2m:[0m Extracting native library: org.lwjgl:lwjgl-shaderc:3.4.1:natives-macos-arm64
[2m2026-08-22T09:21:59.201867Z[0m [32m INFO[0m [2mmdl::instance::launcher[0m[2m:[0m Extracting native library: org.lwjgl:lwjgl-shaderc:3.4.1:natives-windows
[2m2026-08-22T09:21:59.202591Z[0m [32m INFO[0m [2mmdl::instance::launcher[0m[2m:[0m Extracting native library: org.lwjgl:lwjgl-shaderc:3.4.1:natives-windows-arm64
[2m2026-08-22T09:21:59.203276Z[0m [32m INFO[0m [2mmdl::instance::launcher[0m[2m:[0m Extracting native library: org.lwjgl:lwjgl-shaderc:3.4.1:natives-windows-x86
[2m2026-08-22T09:21:59.204020Z[0m [32m INFO[0m [2mmdl::instance::launcher[0m[2m:[0m Extracting native library: org.lwjgl:lwjgl-spvc:3.4.1:natives-linux
[2m2026-08-22T09:21:59.204721Z[0m [32m INFO[0m [2mmdl::instance::launcher[0m[2m:[0m Extracting native library: org.lwjgl:lwjgl-spvc:3.4.1:natives-macos
[2m2026-08-22T09:21:59.205443Z[0m [32m INFO[0m [2mmdl::instance::launcher[0m[2m:[0m Extracting native library: org.lwjgl:lwjgl-spvc:3.4.1:natives-macos-arm64
[2m2026-08-22T09:21:59.206100Z[0m [32m INFO[0m [2mmdl::instance::launcher[0m[2m:[0m Extracting native library: org.lwjgl:lwjgl-spvc:3.4.1:natives-windows
[2m2026-08-22T09:21:59.206828Z[0m [32m INFO[0m [2mmdl::instance::launcher[0m[2m:[0m Extracting native library: org.lwjgl:lwjgl-spvc:3.4.1:natives-windows-arm64
[2m2026-08-22T09:21:59.207562Z[0m [32m INFO[0m [2mmdl::instance::launcher[0m[2m:[0m Extracting native library: org.lwjgl:lwjgl-spvc:3.4.1:natives-windows-x86
[2m2026-08-22T09:21:59.208227Z[0m [32m INFO[0m [2mmdl::instance::launcher[0m[2m:[0m Extracting native library: org.lwjgl:lwjgl-stb:3.4.1:natives-linux
[2m2026-08-22T09:21:59.208751Z[0m [32m INFO[0m [2mmdl::instance::launcher[0m[2m:[0m Extracting native library: org.lwjgl:lwjgl-stb:3.4.1:natives-macos
[2m2026-08-22T09:21:59.209596Z[0m [32m INFO[0m [2mmdl::instance::launcher[0m[2m:[0m Extracting native library: org.lwjgl:lwjgl-stb:3.4.1:natives-macos-arm64
[2m2026-08-22T09:21:59.210362Z[0m [32m INFO[0m [2mmdl::instance::launcher[0m[2m:[0m Extracting native library: org.lwjgl:lwjgl-stb:3.4.1:natives-windows
[2m2026-08-22T09:21:59.211397Z[0m [32m INFO[0m [2mmdl::instance::launcher[0m[2m:[0m Extracting native library: org.lwjgl:lwjgl-stb:3.4.1:natives-windows-arm64
[2m2026-08-22T09:21:59.211997Z[0m [32m INFO[0m [2mmdl::instance::launcher[0m[2m:[0m Extracting native library: org.lwjgl:lwjgl-stb:3.4.1:natives-windows-x86
[2m2026-08-22T09:21:59.212547Z[0m [32m INFO[0m [2mmdl::instance::launcher[0m[2m:[0m Extracting native library: org.lwjgl:lwjgl-tinyfd:3.4.1:natives-linux
[2m2026-08-22T09:21:59.213044Z[0m [32m INFO[0m [2mmdl::instance::launcher[0m[2m:[0m Extracting native library: org.lwjgl:lwjgl-tinyfd:3.4.1:natives-macos
[2m2026-08-22T09:21:59.213504Z[0m [32m INFO[0m [2mmdl::instance::launcher[0m[2m:[0m Extracting native library: org.lwjgl:lwjgl-tinyfd:3.4.1:natives-macos-arm64
[2m2026-08-22T09:21:59.214073Z[0m [32m INFO[0m [2mmdl::instance::launcher[0m[2m:[0m Extracting native library: org.lwjgl:lwjgl-tinyfd:3.4.1:natives-windows
[2m2026-08-22T09:21:59.214807Z[0m [32m INFO[0m [2mmdl::instance::launcher[0m[2m:[0m Extracting native library: org.lwjgl:lwjgl-tinyfd:3.4.1:natives-windows-arm64
[2m2026-08-22T09:21:59.215495Z[0m [32m INFO[0m [2mmdl::instance::launcher[0m[2m:[0m Extracting native library: org.lwjgl:lwjgl-tinyfd:3.4.1:natives-windows-x86
[2m2026-08-22T09:21:59.216207Z[0m [32m INFO[0m [2mmdl::instance::launcher[0m[2m:[0m Extracting native library: org.lwjgl:lwjgl-vma:3.4.1:natives-linux
[2m2026-08-22T09:21:59.216910Z[0m [32m INFO[0m [2mmdl::instance::launcher[0m[2m:[0m Extracting native library: org.lwjgl:lwjgl-vma:3.4.1:natives-macos
[2m2026-08-22T09:21:59.217435Z[0m [32m INFO[0m [2mmdl::instance::launcher[0m[2m:[0m Extracting native library: org.lwjgl:lwjgl-vma:3.4.1:natives-macos-arm64
[2m2026-08-22T09:21:59.217936Z[0m [32m INFO[0m [2mmdl::instance::launcher[0m[2m:[0m Extracting native library: org.lwjgl:lwjgl-vma:3.4.1:natives-windows
[2m2026-08-22T09:21:59.218423Z[0m [32m INFO[0m [2mmdl::instance::launcher[0m[2m:[0m Extracting native library: org.lwjgl:lwjgl-vma:3.4.1:natives-windows-arm64
[2m2026-08-22T09:21:59.218909Z[0m [32m INFO[0m [2mmdl::instance::launcher[0m[2m:[0m Extracting native library: org.lwjgl:lwjgl-vma:3.4.1:natives-windows-x86
[2m2026-08-22T09:21:59.219504Z[0m [32m INFO[0m [2mmdl::instance::launcher[0m[2m:[0m Extracting native library: org.lwjgl:lwjgl-vulkan:3.4.1:natives-macos
[2m2026-08-22T09:21:59.220090Z[0m [32m INFO[0m [2mmdl::instance::launcher[0m[2m:[0m Extracting native library: org.lwjgl:lwjgl-vulkan:3.4.1:natives-macos-arm64
[2m2026-08-22T09:21:59.220691Z[0m [32m INFO[0m [2mmdl::instance::launcher[0m[2m:[0m Extracting native library: org.lwjgl:lwjgl:3.4.1:natives-linux
[2m2026-08-22T09:21:59.221482Z[0m [32m INFO[0m [2mmdl::instance::launcher[0m[2m:[0m Extracting native library: org.lwjgl:lwjgl:3.4.1:natives-macos
[2m2026-08-22T09:21:59.222216Z[0m [32m INFO[0m [2mmdl::instance::launcher[0m[2m:[0m Extracting native library: org.lwjgl:lwjgl:3.4.1:natives-macos-arm64
[2m2026-08-22T09:21:59.222915Z[0m [32m INFO[0m [2mmdl::instance::launcher[0m[2m:[0m Extracting native library: org.lwjgl:lwjgl:3.4.1:natives-windows
[2m2026-08-22T09:21:59.223703Z[0m [32m INFO[0m [2mmdl::instance::launcher[0m[2m:[0m Extracting native library: org.lwjgl:lwjgl:3.4.1:natives-windows-arm64
[2m2026-08-22T09:21:59.224243Z[0m [32m INFO[0m [2mmdl::instance::launcher[0m[2m:[0m Extracting native library: org.lwjgl:lwjgl:3.4.1:natives-windows-x86
[2m2026-08-22T09:21:59.224929Z[0m [32m INFO[0m [2mmdl::instance::launcher[0m[2m:[0m Classpath built with 66 entries
[2m2026-08-22T09:21:59.224993Z[0m [32m INFO[0m [2mmdl::instance::launcher[0m[2m:[0m Main class: net.fabricmc.loader.impl.launch.knot.KnotClient
[2m2026-08-22T09:21:59.634859Z[0m [32m INFO[0m [2mmdl::instance::launcher[0m[2m:[0m Verifying game assets...
[2m2026-08-22T09:22:00.083079Z[0m [32m INFO[0m [2mmdl::version::assets[0m[2m:[0m All 5057 assets already present
[2m2026-08-22T09:22:00.085437Z[0m [32m INFO[0m [2mmdl::instance::launcher[0m[2m:[0m Agent control enabled via Despotes
[2m2026-08-22T09:22:00.119479Z[0m [32m INFO[0m [2mmdl::instance::launcher[0m[2m:[0m Loaded 3 mod(s) in 'epsilon-test-26.2-fabric':
[2m2026-08-22T09:22:00.119536Z[0m [32m INFO[0m [2mmdl::instance::launcher[0m[2m:[0m   - Despotes (26.2.0)
[2m2026-08-22T09:22:00.119549Z[0m [32m INFO[0m [2mmdl::instance::launcher[0m[2m:[0m   - EpsilonBC (26.0.0-alpha.2-671f2896)
[2m2026-08-22T09:22:00.119561Z[0m [32m INFO[0m [2mmdl::instance::launcher[0m[2m:[0m   - Fabric API (0.155.2+26.2)
[2m2026-08-22T09:22:00.209945Z[0m [32m INFO[0m [2mmdl::instance::launcher[0m[2m:[0m OOM protection: scanning for stale processes and trimming working sets...
[2m2026-08-22T09:22:01.419977Z[0m [32m INFO[0m [2mmdl::instance::launcher[0m[2m:[0m OOM protection complete: ~464 MB freed, 4693 MB available, standby purged=false
[2m2026-08-22T09:22:01.422555Z[0m [32m INFO[0m [2mmdl::instance::launcher[0m[2m:[0m Starting Minecraft...
[2m2026-08-22T09:22:01.448843Z[0m [32m INFO[0m [2mmdl::instance::launcher[0m[2m:[0m Game output is being written to C:\Users\Sails\AppData\Roaming\mdl\instances\epsilon-test-26.2-fabric\logs\launch_detached.log
[2m2026-08-22T09:22:01.448920Z[0m [32m INFO[0m [2mmdl::instance::launcher[0m[2m:[0m Instance 'epsilon-test-26.2-fabric' launched in background (PID 16352)
Instance 'epsilon-test-26.2-fabric' launched in background (PID 16352)
  Game log: <instance>/logs/launch_detached.log
  Agent control: use 'mdl game status epsilon-test-26.2-fabric' once in-game
