[2m2026-08-22T09:17:11.324164Z[0m [32m INFO[0m [2mmdl[0m[2m:[0m MCDebugLauncher v26.2.0-alpha.8
[2m2026-08-22T09:17:11.616029Z[0m [32m INFO[0m [2mmdl::instance::launcher[0m[2m:[0m Another instance is already running (PID 35488).                                  Waiting for it to close...
[2m2026-08-22T09:19:32.205422Z[0m [32m INFO[0m [2mmdl::instance::launcher[0m[2m:[0m Using Java 25 (required: Java 25)
[2m2026-08-22T09:19:32.205543Z[0m [32m INFO[0m [2mmdl::instance::launcher[0m[2m:[0m Launching instance 'epsilon-test-26.2-fabric'...
[2m2026-08-22T09:19:32.205577Z[0m [32m INFO[0m [2mmdl::instance::launcher[0m[2m:[0m Building classpath and downloading libraries...
[2m2026-08-22T09:19:32.228410Z[0m [32m INFO[0m [2mmdl::instance::launcher[0m[2m:[0m Extracting native library: com.mojang:jtracy:1.0.37:natives-linux
[2m2026-08-22T09:19:32.243542Z[0m [32m INFO[0m [2mmdl::instance::launcher[0m[2m:[0m Extracting native library: com.mojang:jtracy:1.0.37:natives-macos
[2m2026-08-22T09:19:32.261121Z[0m [32m INFO[0m [2mmdl::instance::launcher[0m[2m:[0m Extracting native library: com.mojang:jtracy:1.0.37:natives-macos-arm64
[2m2026-08-22T09:19:32.272156Z[0m [32m INFO[0m [2mmdl::instance::launcher[0m[2m:[0m Extracting native library: com.mojang:jtracy:1.0.37:natives-windows
[2m2026-08-22T09:19:32.335349Z[0m [32m INFO[0m [2mmdl::instance::launcher[0m[2m:[0m Extracting native library: org.lwjgl:lwjgl-freetype:3.4.1:natives-linux
[2m2026-08-22T09:19:32.348557Z[0m [32m INFO[0m [2mmdl::instance::launcher[0m[2m:[0m Extracting native library: org.lwjgl:lwjgl-freetype:3.4.1:natives-macos
[2m2026-08-22T09:19:32.359423Z[0m [32m INFO[0m [2mmdl::instance::launcher[0m[2m:[0m Extracting native library: org.lwjgl:lwjgl-freetype:3.4.1:natives-macos-arm64
[2m2026-08-22T09:19:32.370311Z[0m [32m INFO[0m [2mmdl::instance::launcher[0m[2m:[0m Extracting native library: org.lwjgl:lwjgl-freetype:3.4.1:natives-windows
[2m2026-08-22T09:19:32.385548Z[0m [32m INFO[0m [2mmdl::instance::launcher[0m[2m:[0m Extracting native library: org.lwjgl:lwjgl-freetype:3.4.1:natives-windows-arm64
[2m2026-08-22T09:19:32.404126Z[0m [32m INFO[0m [2mmdl::instance::launcher[0m[2m:[0m Extracting native library: org.lwjgl:lwjgl-freetype:3.4.1:natives-windows-x86
[2m2026-08-22T09:19:32.417193Z[0m [32m INFO[0m [2mmdl::instance::launcher[0m[2m:[0m Extracting native library: org.lwjgl:lwjgl-glfw:3.4.1:natives-linux
[2m2026-08-22T09:19:32.433232Z[0m [32m INFO[0m [2mmdl::instance::launcher[0m[2m:[0m Extracting native library: org.lwjgl:lwjgl-glfw:3.4.1:natives-macos
[2m2026-08-22T09:19:32.449669Z[0m [32m INFO[0m [2mmdl::instance::launcher[0m[2m:[0m Extracting native library: org.lwjgl:lwjgl-glfw:3.4.1:natives-macos-arm64
[2m2026-08-22T09:19:32.464926Z[0m [32m INFO[0m [2mmdl::instance::launcher[0m[2m:[0m Extracting native library: org.lwjgl:lwjgl-glfw:3.4.1:natives-windows
[2m2026-08-22T09:19:32.482136Z[0m [32m INFO[0m [2mmdl::instance::launcher[0m[2m:[0m Extracting native library: org.lwjgl:lwjgl-glfw:3.4.1:natives-windows-arm64
[2m2026-08-22T09:19:32.496545Z[0m [32m INFO[0m [2mmdl::instance::launcher[0m[2m:[0m Extracting native library: org.lwjgl:lwjgl-glfw:3.4.1:natives-windows-x86
[2m2026-08-22T09:19:32.511167Z[0m [32m INFO[0m [2mmdl::instance::launcher[0m[2m:[0m Extracting native library: org.lwjgl:lwjgl-jemalloc:3.4.1:natives-linux
[2m2026-08-22T09:19:32.521716Z[0m [32m INFO[0m [2mmdl::instance::launcher[0m[2m:[0m Extracting native library: org.lwjgl:lwjgl-jemalloc:3.4.1:natives-macos
[2m2026-08-22T09:19:32.532831Z[0m [32m INFO[0m [2mmdl::instance::launcher[0m[2m:[0m Extracting native library: org.lwjgl:lwjgl-jemalloc:3.4.1:natives-macos-arm64
[2m2026-08-22T09:19:32.544447Z[0m [32m INFO[0m [2mmdl::instance::launcher[0m[2m:[0m Extracting native library: org.lwjgl:lwjgl-jemalloc:3.4.1:natives-windows
[2m2026-08-22T09:19:32.555929Z[0m [32m INFO[0m [2mmdl::instance::launcher[0m[2m:[0m Extracting native library: org.lwjgl:lwjgl-jemalloc:3.4.1:natives-windows-arm64
[2m2026-08-22T09:19:32.569765Z[0m [32m INFO[0m [2mmdl::instance::launcher[0m[2m:[0m Extracting native library: org.lwjgl:lwjgl-jemalloc:3.4.1:natives-windows-x86
[2m2026-08-22T09:19:32.580115Z[0m [32m INFO[0m [2mmdl::instance::launcher[0m[2m:[0m Extracting native library: org.lwjgl:lwjgl-openal:3.4.1:natives-linux
[2m2026-08-22T09:19:32.592625Z[0m [32m INFO[0m [2mmdl::instance::launcher[0m[2m:[0m Extracting native library: org.lwjgl:lwjgl-openal:3.4.1:natives-macos
[2m2026-08-22T09:19:32.607297Z[0m [32m INFO[0m [2mmdl::instance::launcher[0m[2m:[0m Extracting native library: org.lwjgl:lwjgl-openal:3.4.1:natives-macos-arm64
[2m2026-08-22T09:19:32.619911Z[0m [32m INFO[0m [2mmdl::instance::launcher[0m[2m:[0m Extracting native library: org.lwjgl:lwjgl-openal:3.4.1:natives-windows
[2m2026-08-22T09:19:32.635139Z[0m [32m INFO[0m [2mmdl::instance::launcher[0m[2m:[0m Extracting native library: org.lwjgl:lwjgl-openal:3.4.1:natives-windows-arm64
[2m2026-08-22T09:19:32.647925Z[0m [32m INFO[0m [2mmdl::instance::launcher[0m[2m:[0m Extracting native library: org.lwjgl:lwjgl-openal:3.4.1:natives-windows-x86
[2m2026-08-22T09:19:32.662252Z[0m [32m INFO[0m [2mmdl::instance::launcher[0m[2m:[0m Extracting native library: org.lwjgl:lwjgl-opengl:3.4.1:natives-linux
[2m2026-08-22T09:19:32.673895Z[0m [32m INFO[0m [2mmdl::instance::launcher[0m[2m:[0m Extracting native library: org.lwjgl:lwjgl-opengl:3.4.1:natives-macos
[2m2026-08-22T09:19:32.682493Z[0m [32m INFO[0m [2mmdl::instance::launcher[0m[2m:[0m Extracting native library: org.lwjgl:lwjgl-opengl:3.4.1:natives-macos-arm64
[2m2026-08-22T09:19:32.725111Z[0m [32m INFO[0m [2mmdl::instance::launcher[0m[2m:[0m Extracting native library: org.lwjgl:lwjgl-opengl:3.4.1:natives-windows
[2m2026-08-22T09:19:32.735296Z[0m [32m INFO[0m [2mmdl::instance::launcher[0m[2m:[0m Extracting native library: org.lwjgl:lwjgl-opengl:3.4.1:natives-windows-arm64
[2m2026-08-22T09:19:32.746869Z[0m [32m INFO[0m [2mmdl::instance::launcher[0m[2m:[0m Extracting native library: org.lwjgl:lwjgl-opengl:3.4.1:natives-windows-x86
[2m2026-08-22T09:19:32.757389Z[0m [32m INFO[0m [2mmdl::instance::launcher[0m[2m:[0m Extracting native library: org.lwjgl:lwjgl-shaderc:3.4.1:natives-linux
[2m2026-08-22T09:19:32.768777Z[0m [32m INFO[0m [2mmdl::instance::launcher[0m[2m:[0m Extracting native library: org.lwjgl:lwjgl-shaderc:3.4.1:natives-macos
[2m2026-08-22T09:19:32.781031Z[0m [32m INFO[0m [2mmdl::instance::launcher[0m[2m:[0m Extracting native library: org.lwjgl:lwjgl-shaderc:3.4.1:natives-macos-arm64
[2m2026-08-22T09:19:32.792547Z[0m [32m INFO[0m [2mmdl::instance::launcher[0m[2m:[0m Extracting native library: org.lwjgl:lwjgl-shaderc:3.4.1:natives-windows
[2m2026-08-22T09:19:32.804900Z[0m [32m INFO[0m [2mmdl::instance::launcher[0m[2m:[0m Extracting native library: org.lwjgl:lwjgl-shaderc:3.4.1:natives-windows-arm64
[2m2026-08-22T09:19:32.817733Z[0m [32m INFO[0m [2mmdl::instance::launcher[0m[2m:[0m Extracting native library: org.lwjgl:lwjgl-shaderc:3.4.1:natives-windows-x86
[2m2026-08-22T09:19:32.832409Z[0m [32m INFO[0m [2mmdl::instance::launcher[0m[2m:[0m Extracting native library: org.lwjgl:lwjgl-spvc:3.4.1:natives-linux
[2m2026-08-22T09:19:32.843189Z[0m [32m INFO[0m [2mmdl::instance::launcher[0m[2m:[0m Extracting native library: org.lwjgl:lwjgl-spvc:3.4.1:natives-macos
[2m2026-08-22T09:19:32.855233Z[0m [32m INFO[0m [2mmdl::instance::launcher[0m[2m:[0m Extracting native library: org.lwjgl:lwjgl-spvc:3.4.1:natives-macos-arm64
[2m2026-08-22T09:19:32.867272Z[0m [32m INFO[0m [2mmdl::instance::launcher[0m[2m:[0m Extracting native library: org.lwjgl:lwjgl-spvc:3.4.1:natives-windows
[2m2026-08-22T09:19:32.876619Z[0m [32m INFO[0m [2mmdl::instance::launcher[0m[2m:[0m Extracting native library: org.lwjgl:lwjgl-spvc:3.4.1:natives-windows-arm64
[2m2026-08-22T09:19:32.889348Z[0m [32m INFO[0m [2mmdl::instance::launcher[0m[2m:[0m Extracting native library: org.lwjgl:lwjgl-spvc:3.4.1:natives-windows-x86
[2m2026-08-22T09:19:32.903172Z[0m [32m INFO[0m [2mmdl::instance::launcher[0m[2m:[0m Extracting native library: org.lwjgl:lwjgl-stb:3.4.1:natives-linux
[2m2026-08-22T09:19:32.916779Z[0m [32m INFO[0m [2mmdl::instance::launcher[0m[2m:[0m Extracting native library: org.lwjgl:lwjgl-stb:3.4.1:natives-macos
[2m2026-08-22T09:19:32.929358Z[0m [32m INFO[0m [2mmdl::instance::launcher[0m[2m:[0m Extracting native library: org.lwjgl:lwjgl-stb:3.4.1:natives-macos-arm64
[2m2026-08-22T09:19:32.944823Z[0m [32m INFO[0m [2mmdl::instance::launcher[0m[2m:[0m Extracting native library: org.lwjgl:lwjgl-stb:3.4.1:natives-windows
[2m2026-08-22T09:19:32.960075Z[0m [32m INFO[0m [2mmdl::instance::launcher[0m[2m:[0m Extracting native library: org.lwjgl:lwjgl-stb:3.4.1:natives-windows-arm64
[2m2026-08-22T09:19:32.972357Z[0m [32m INFO[0m [2mmdl::instance::launcher[0m[2m:[0m Extracting native library: org.lwjgl:lwjgl-stb:3.4.1:natives-windows-x86
[2m2026-08-22T09:19:32.984722Z[0m [32m INFO[0m [2mmdl::instance::launcher[0m[2m:[0m Extracting native library: org.lwjgl:lwjgl-tinyfd:3.4.1:natives-linux
[2m2026-08-22T09:19:33.018595Z[0m [32m INFO[0m [2mmdl::instance::launcher[0m[2m:[0m Extracting native library: org.lwjgl:lwjgl-tinyfd:3.4.1:natives-macos
[2m2026-08-22T09:19:33.056117Z[0m [32m INFO[0m [2mmdl::instance::launcher[0m[2m:[0m Extracting native library: org.lwjgl:lwjgl-tinyfd:3.4.1:natives-macos-arm64
[2m2026-08-22T09:19:33.091611Z[0m [32m INFO[0m [2mmdl::instance::launcher[0m[2m:[0m Extracting native library: org.lwjgl:lwjgl-tinyfd:3.4.1:natives-windows
[2m2026-08-22T09:19:33.103473Z[0m [32m INFO[0m [2mmdl::instance::launcher[0m[2m:[0m Extracting native library: org.lwjgl:lwjgl-tinyfd:3.4.1:natives-windows-arm64
[2m2026-08-22T09:19:33.113127Z[0m [32m INFO[0m [2mmdl::instance::launcher[0m[2m:[0m Extracting native library: org.lwjgl:lwjgl-tinyfd:3.4.1:natives-windows-x86
[2m2026-08-22T09:19:33.126293Z[0m [32m INFO[0m [2mmdl::instance::launcher[0m[2m:[0m Extracting native library: org.lwjgl:lwjgl-vma:3.4.1:natives-linux
[2m2026-08-22T09:19:33.138065Z[0m [32m INFO[0m [2mmdl::instance::launcher[0m[2m:[0m Extracting native library: org.lwjgl:lwjgl-vma:3.4.1:natives-macos
[2m2026-08-22T09:19:33.150119Z[0m [32m INFO[0m [2mmdl::instance::launcher[0m[2m:[0m Extracting native library: org.lwjgl:lwjgl-vma:3.4.1:natives-macos-arm64
[2m2026-08-22T09:19:33.162382Z[0m [32m INFO[0m [2mmdl::instance::launcher[0m[2m:[0m Extracting native library: org.lwjgl:lwjgl-vma:3.4.1:natives-windows
[2m2026-08-22T09:19:33.172742Z[0m [32m INFO[0m [2mmdl::instance::launcher[0m[2m:[0m Extracting native library: org.lwjgl:lwjgl-vma:3.4.1:natives-windows-arm64
[2m2026-08-22T09:19:33.191819Z[0m [32m INFO[0m [2mmdl::instance::launcher[0m[2m:[0m Extracting native library: org.lwjgl:lwjgl-vma:3.4.1:natives-windows-x86
[2m2026-08-22T09:19:33.203720Z[0m [32m INFO[0m [2mmdl::instance::launcher[0m[2m:[0m Extracting native library: org.lwjgl:lwjgl-vulkan:3.4.1:natives-macos
[2m2026-08-22T09:19:33.213043Z[0m [32m INFO[0m [2mmdl::instance::launcher[0m[2m:[0m Extracting native library: org.lwjgl:lwjgl-vulkan:3.4.1:natives-macos-arm64
[2m2026-08-22T09:19:33.225966Z[0m [32m INFO[0m [2mmdl::instance::launcher[0m[2m:[0m Extracting native library: org.lwjgl:lwjgl:3.4.1:natives-linux
[2m2026-08-22T09:19:33.238941Z[0m [32m INFO[0m [2mmdl::instance::launcher[0m[2m:[0m Extracting native library: org.lwjgl:lwjgl:3.4.1:natives-macos
[2m2026-08-22T09:19:33.254651Z[0m [32m INFO[0m [2mmdl::instance::launcher[0m[2m:[0m Extracting native library: org.lwjgl:lwjgl:3.4.1:natives-macos-arm64
[2m2026-08-22T09:19:33.268550Z[0m [32m INFO[0m [2mmdl::instance::launcher[0m[2m:[0m Extracting native library: org.lwjgl:lwjgl:3.4.1:natives-windows
[2m2026-08-22T09:19:33.277856Z[0m [32m INFO[0m [2mmdl::instance::launcher[0m[2m:[0m Extracting native library: org.lwjgl:lwjgl:3.4.1:natives-windows-arm64
[2m2026-08-22T09:19:33.287791Z[0m [32m INFO[0m [2mmdl::instance::launcher[0m[2m:[0m Extracting native library: org.lwjgl:lwjgl:3.4.1:natives-windows-x86
[2m2026-08-22T09:19:33.301649Z[0m [32m INFO[0m [2mmdl::instance::launcher[0m[2m:[0m Classpath built with 66 entries
[2m2026-08-22T09:19:33.301707Z[0m [32m INFO[0m [2mmdl::instance::launcher[0m[2m:[0m Main class: net.fabricmc.loader.impl.launch.knot.KnotClient
[2m2026-08-22T09:19:35.806537Z[0m [32m INFO[0m [2mmdl::instance::launcher[0m[2m:[0m Verifying game assets...
[2m2026-08-22T09:19:36.308483Z[0m [32m INFO[0m [2mmdl::version::assets[0m[2m:[0m All 5057 assets already present
[2m2026-08-22T09:19:36.310390Z[0m [32m INFO[0m [2mmdl::instance::launcher[0m[2m:[0m Agent control enabled via Despotes
[2m2026-08-22T09:19:36.404245Z[0m [32m INFO[0m [2mmdl::instance::launcher[0m[2m:[0m Loaded 3 mod(s) in 'epsilon-test-26.2-fabric':
[2m2026-08-22T09:19:36.404273Z[0m [32m INFO[0m [2mmdl::instance::launcher[0m[2m:[0m   - Despotes (26.2.0)
[2m2026-08-22T09:19:36.404279Z[0m [32m INFO[0m [2mmdl::instance::launcher[0m[2m:[0m   - EpsilonBC (26.0.0-alpha.2-671f2896)
[2m2026-08-22T09:19:36.404285Z[0m [32m INFO[0m [2mmdl::instance::launcher[0m[2m:[0m   - Fabric API (0.155.2+26.2)
[2m2026-08-22T09:19:36.432220Z[0m [32m INFO[0m [2mmdl::instance::launcher[0m[2m:[0m OOM protection: scanning for stale processes and trimming working sets...
[2m2026-08-22T09:19:36.471689Z[0m [33m WARN[0m [2mmdl::game::oom_guard[0m[2m:[0m OOM protection: terminating stale process 'java.exe' (PID 40952, RSS=367 MB)
[2m2026-08-22T09:19:36.472269Z[0m [32m INFO[0m [2mmdl::game::oom_guard[0m[2m:[0m OOM protection: terminated 1 stale process(es)
[2m2026-08-22T09:19:37.730554Z[0m [33m WARN[0m [2mmdl::instance::launcher[0m[2m:[0m OOM protection: terminated 1 stale process(es)
[2m2026-08-22T09:19:37.730598Z[0m [32m INFO[0m [2mmdl::instance::launcher[0m[2m:[0m OOM protection complete: ~840 MB freed, 5513 MB available, standby purged=false
[2m2026-08-22T09:19:37.734744Z[0m [32m INFO[0m [2mmdl::instance::launcher[0m[2m:[0m Starting Minecraft...
[2m2026-08-22T09:19:37.747291Z[0m [32m INFO[0m [2mmdl::instance::launcher[0m[2m:[0m Game output is being written to C:\Users\Sails\AppData\Roaming\mdl\instances\epsilon-test-26.2-fabric\logs\launch_detached.log
[2m2026-08-22T09:19:37.747334Z[0m [32m INFO[0m [2mmdl::instance::launcher[0m[2m:[0m Instance 'epsilon-test-26.2-fabric' launched in background (PID 45516)
Instance 'epsilon-test-26.2-fabric' launched in background (PID 45516)
  Game log: <instance>/logs/launch_detached.log
  Agent control: use 'mdl game status epsilon-test-26.2-fabric' once in-game
